Recurring tasks: 0 created, 1 skipped.
Escalations updated: 0.
Recurring tasks: 0 created, 1 skipped.
Escalations updated: 0.
Recurring tasks: 0 created, 1 skipped.
Escalations updated: 2.
Traceback (most recent call last):
  File "C:\Users\kilga\rk-ops\manage.py", line 22, in <module>
    main()
    ~~~~^^
  File "C:\Users\kilga\rk-ops\manage.py", line 18, in main
    execute_from_command_line(sys.argv)
    ~~~~~~~~~~~~~~~~~~~~~~~~~^^^^^^^^^^
  File "C:\Users\kilga\rk-ops\.venv\Lib\site-packages\django\core\management\__init__.py", line 443, in execute_from_command_line
    utility.execute()
    ~~~~~~~~~~~~~~~^^
  File "C:\Users\kilga\rk-ops\.venv\Lib\site-packages\django\core\management\__init__.py", line 437, in execute
    self.fetch_command(subcommand).run_from_argv(self.argv)
    ~~~~~~~~~~~~~~~~~~~~~~~~~~~~~~~~~~~~~~~~~~~~^^^^^^^^^^^
  File "C:\Users\kilga\rk-ops\.venv\Lib\site-packages\django\core\management\base.py", line 422, in run_from_argv
    self.execute(*args, **cmd_options)
    ~~~~~~~~~~~~^^^^^^^^^^^^^^^^^^^^^^
  File "C:\Users\kilga\rk-ops\.venv\Lib\site-packages\django\core\management\base.py", line 463, in execute
    self.check(**check_kwargs)
    ~~~~~~~~~~^^^^^^^^^^^^^^^^
  File "C:\Users\kilga\rk-ops\.venv\Lib\site-packages\django\core\management\base.py", line 498, in check
    all_issues = checks.run_checks(
        app_configs=app_configs,
    ...<2 lines>...
        databases=databases,
    )
  File "C:\Users\kilga\rk-ops\.venv\Lib\site-packages\django\core\checks\registry.py", line 99, in run_checks
    new_errors = check(app_configs=app_configs, databases=databases)
  File "C:\Users\kilga\rk-ops\.venv\Lib\site-packages\django\core\checks\urls.py", line 136, in check_custom_error_handlers
    handler = resolver.resolve_error_handler(status_code)
  File "C:\Users\kilga\rk-ops\.venv\Lib\site-packages\django\urls\resolvers.py", line 743, in resolve_error_handler
    callback = getattr(self.urlconf_module, "handler%s" % view_type, None)
                       ^^^^^^^^^^^^^^^^^^^
  File "C:\Users\kilga\rk-ops\.venv\Lib\site-packages\django\utils\functional.py", line 47, in __get__
    res = instance.__dict__[self.name] = self.func(instance)
                                         ~~~~~~~~~^^^^^^^^^^
  File "C:\Users\kilga\rk-ops\.venv\Lib\site-packages\django\urls\resolvers.py", line 722, in urlconf_module
    return import_module(self.urlconf_name)
  File "C:\Users\kilga\AppData\Local\Python\pythoncore-3.14-64\Lib\importlib\__init__.py", line 88, in import_module
    return _bootstrap._gcd_import(name[level:], package, level)
           ~~~~~~~~~~~~~~~~~~~~~~^^^^^^^^^^^^^^^^^^^^^^^^^^^^^^
  File "<frozen importlib._bootstrap>", line 1406, in _gcd_import
  File "<frozen importlib._bootstrap>", line 1371, in _find_and_load
  File "<frozen importlib._bootstrap>", line 1342, in _find_and_load_unlocked
  File "<frozen importlib._bootstrap>", line 938, in _load_unlocked
  File "<frozen importlib._bootstrap_external>", line 759, in exec_module
  File "<frozen importlib._bootstrap>", line 491, in _call_with_frames_removed
  File "C:\Users\kilga\rk-ops\config\urls.py", line 25, in <module>
    path("", include("operations.urls")),
             ~~~~~~~^^^^^^^^^^^^^^^^^^^
  File "C:\Users\kilga\rk-ops\.venv\Lib\site-packages\django\urls\conf.py", line 39, in include
    urlconf_module = import_module(urlconf_module)
  File "C:\Users\kilga\AppData\Local\Python\pythoncore-3.14-64\Lib\importlib\__init__.py", line 88, in import_module
    return _bootstrap._gcd_import(name[level:], package, level)
           ~~~~~~~~~~~~~~~~~~~~~~^^^^^^^^^^^^^^^^^^^^^^^^^^^^^^
  File "<frozen importlib._bootstrap>", line 1406, in _gcd_import
  File "<frozen importlib._bootstrap>", line 1371, in _find_and_load
  File "<frozen importlib._bootstrap>", line 1342, in _find_and_load_unlocked
  File "<frozen importlib._bootstrap>", line 938, in _load_unlocked
  File "<frozen importlib._bootstrap_external>", line 759, in exec_module
  File "<frozen importlib._bootstrap>", line 491, in _call_with_frames_removed
  File "C:\Users\kilga\rk-ops\operations\urls.py", line 2, in <module>
    from . import views
  File "C:\Users\kilga\rk-ops\operations\views.py", line 69
    )
     ^
SyntaxError: expected ':'
Recurring tasks: 0 created, 1 skipped.
Escalations updated: 2.
Recurring tasks: 0 created, 1 skipped.
Escalations updated: 0.
Recurring tasks: 0 created, 1 skipped.
Escalations updated: 0.
Recurring tasks: 0 created, 1 skipped.
Escalations updated: 0.
Recurring tasks: 1 created, 0 skipped.
Escalations updated: 0.
Recurring tasks: 0 created, 1 skipped.
Escalations updated: 0.
Recurring tasks: 0 created, 1 skipped.
Escalations updated: 0.
Recurring tasks: 0 created, 1 skipped.
Escalations updated: 0.
Subscriptions updated: 0.
Recurring tasks: 0 created, 1 skipped.
Escalations updated: 0.
Subscriptions updated: 0.
Recurring tasks: 0 created, 1 skipped.
Escalations updated: 0.
Subscriptions updated: 0.
Recurring tasks: 0 created, 1 skipped.
Escalations updated: 0.
Subscriptions updated: 0.
Recurring tasks: 0 created, 1 skipped.
Escalations updated: 2.
Subscriptions updated: 0.
Recurring tasks: 0 created, 1 skipped.
Escalations updated: 1.
Subscriptions updated: 0.
Recurring tasks: 0 created, 1 skipped.
Escalations updated: 0.
Subscriptions updated: 0.
Recurring tasks: 0 created, 1 skipped.
Escalations updated: 0.
Subscriptions updated: 0.
Recurring tasks: 0 created, 1 skipped.
Escalations updated: 0.
Subscriptions updated: 0.
Recurring tasks: 0 created, 1 skipped.
Escalations updated: 0.
Subscriptions updated: 0.
Recurring tasks: 0 created, 1 skipped.
Escalations updated: 0.
Subscriptions updated: 0.
Recurring tasks: 0 created, 1 skipped.
Escalations updated: 0.
